
   PASS  Tests\Unit\ExampleTest
  Γ£ô that true is true                                                    0.01s  

   FAIL  Tests\Feature\Auth\AuthenticationTest
  Γ£ô login screen can be rendered                                         0.35s  
  Γ¿» users can authenticate using the login screen                        0.06s  
  Γ¿» users can not authenticate with invalid password                     0.02s  
  Γ¿» users can logout                                                     0.02s  

   FAIL  Tests\Feature\Auth\EmailVerificationTest
  Γ¿» email verification screen can be rendered                            0.03s  
  Γ¿» email can be verified                                                0.02s  
  Γ¿» email is not verified with invalid hash                              0.02s  

   FAIL  Tests\Feature\Auth\PasswordConfirmationTest
  Γ¿» confirm password screen can be rendered                              0.02s  
  Γ¿» password can be confirmed                                            0.02s  
  Γ¿» password is not confirmed with invalid password                      0.02s  

   FAIL  Tests\Feature\Auth\PasswordResetTest
  Γ£ô reset password link screen can be rendered                           0.02s  
  Γ¿» reset password link can be requested                                 0.03s  
  Γ¿» reset password screen can be rendered                                0.02s  
  Γ¿» password can be reset with valid token                               0.02s  

   FAIL  Tests\Feature\Auth\PasswordUpdateTest
  Γ¿» password can be updated                                              0.02s  
  Γ¿» correct password must be provided to update password                 0.02s  

   FAIL  Tests\Feature\Auth\RegistrationTest
  Γ£ô registration screen can be rendered                                  0.02s  
  Γ¿» new users can register                                               0.04s  

   FAIL  Tests\Feature\ExampleTest
  Γ¿» the application returns a successful response                        1.35s  

   FAIL  Tests\Feature\ProfileTest
  Γ¿» profile page is displayed                                            0.02s  
  Γ¿» profile information can be updated                                   0.02s  
  Γ¿» email verification status is unchanged when the email address is unΓÇª 0.02s  
  Γ¿» user can delete their account                                        0.02s  
  Γ¿» correct password must be provided to delete account                  0.02s  
  ΓöÇΓöÇΓöÇΓöÇΓöÇΓöÇΓöÇΓöÇΓöÇΓöÇΓöÇΓöÇΓöÇΓöÇΓöÇΓöÇΓöÇΓöÇΓöÇΓöÇΓöÇΓöÇΓöÇΓöÇΓöÇΓöÇΓöÇΓöÇΓöÇΓöÇΓöÇΓöÇΓöÇΓöÇΓöÇΓöÇΓöÇΓöÇΓöÇΓöÇΓöÇΓöÇΓöÇΓöÇΓöÇΓöÇΓöÇΓöÇΓöÇΓöÇΓöÇΓöÇΓöÇΓöÇΓöÇΓöÇΓöÇΓöÇΓöÇΓöÇΓöÇΓöÇΓöÇΓöÇΓöÇΓöÇΓöÇΓöÇΓöÇΓöÇΓöÇΓöÇΓöÇΓöÇΓöÇΓöÇ  
   FAILED  Tests\Feature\Auth\AuthenticationTest > users canΓÇª  QueryException   
  SQLSTATE[23000]: Integrity constraint violation: 19 NOT NULL constraint failed: users.phone (Connection: sqlite, Database: :memory:, SQL: insert into "users" ("name", "email", "email_verified_at", "password", "remember_token", "updated_at", "created_at") values (Loyal McLaughlin, ekuhn@example.net, 2026-04-15 11:35:25, $2y$04$UnrlqZiXnEqy4NtPygTigOCJ5pBeB1gwH31b.xAhZHnNVQU3.JPgq, yLQa5wZ4CT, 2026-04-15 11:35:25, 2026-04-15 11:35:25))

  at vendor\laravel\framework\src\Illuminate\Database\Connection.php:838
    834Γûò             $exceptionType = $this->isUniqueConstraintError($e)
    835Γûò                 ? UniqueConstraintViolationException::class
    836Γûò                 : QueryException::class;
    837Γûò 
  Γ₧£ 838Γûò             throw new $exceptionType(
    839Γûò                 $this->getNameWithReadWriteType(),
    840Γûò                 $query,
    841Γûò                 $this->prepareBindings($bindings),
    842Γûò                 $e,

  1   vendor\laravel\framework\src\Illuminate\Database\Connection.php:838

  2   vendor\laravel\framework\src\Illuminate\Database\Connection.php:584
      NunoMaduro\Collision\Exceptions\TestException::("SQLSTATE[23000]: Integrity constraint violation: 19 NOT NULL constraint failed: users.phone")

  ΓöÇΓöÇΓöÇΓöÇΓöÇΓöÇΓöÇΓöÇΓöÇΓöÇΓöÇΓöÇΓöÇΓöÇΓöÇΓöÇΓöÇΓöÇΓöÇΓöÇΓöÇΓöÇΓöÇΓöÇΓöÇΓöÇΓöÇΓöÇΓöÇΓöÇΓöÇΓöÇΓöÇΓöÇΓöÇΓöÇΓöÇΓöÇΓöÇΓöÇΓöÇΓöÇΓöÇΓöÇΓöÇΓöÇΓöÇΓöÇΓöÇΓöÇΓöÇΓöÇΓöÇΓöÇΓöÇΓöÇΓöÇΓöÇΓöÇΓöÇΓöÇΓöÇΓöÇΓöÇΓöÇΓöÇΓöÇΓöÇΓöÇΓöÇΓöÇΓöÇΓöÇΓöÇΓöÇΓöÇ  
   FAILED  Tests\Feature\Auth\AuthenticationTest > users canΓÇª  QueryException   
  SQLSTATE[23000]: Integrity constraint violation: 19 NOT NULL constraint failed: users.phone (Connection: sqlite, Database: :memory:, SQL: insert into "users" ("name", "email", "email_verified_at", "password", "remember_token", "updated_at", "created_at") values (Reid Schaefer, casper.carmen@example.org, 2026-04-15 11:35:25, $2y$04$UnrlqZiXnEqy4NtPygTigOCJ5pBeB1gwH31b.xAhZHnNVQU3.JPgq, 03tbRcn8hq, 2026-04-15 11:35:25, 2026-04-15 11:35:25))

  at vendor\laravel\framework\src\Illuminate\Database\Connection.php:838
    834Γûò             $exceptionType = $this->isUniqueConstraintError($e)
    835Γûò                 ? UniqueConstraintViolationException::class
    836Γûò                 : QueryException::class;
    837Γûò 
  Γ₧£ 838Γûò             throw new $exceptionType(
    839Γûò                 $this->getNameWithReadWriteType(),
    840Γûò                 $query,
    841Γûò                 $this->prepareBindings($bindings),
    842Γûò                 $e,

  1   vendor\laravel\framework\src\Illuminate\Database\Connection.php:838

  2   vendor\laravel\framework\src\Illuminate\Database\Connection.php:584
      NunoMaduro\Collision\Exceptions\TestException::("SQLSTATE[23000]: Integrity constraint violation: 19 NOT NULL constraint failed: users.phone")

  ΓöÇΓöÇΓöÇΓöÇΓöÇΓöÇΓöÇΓöÇΓöÇΓöÇΓöÇΓöÇΓöÇΓöÇΓöÇΓöÇΓöÇΓöÇΓöÇΓöÇΓöÇΓöÇΓöÇΓöÇΓöÇΓöÇΓöÇΓöÇΓöÇΓöÇΓöÇΓöÇΓöÇΓöÇΓöÇΓöÇΓöÇΓöÇΓöÇΓöÇΓöÇΓöÇΓöÇΓöÇΓöÇΓöÇΓöÇΓöÇΓöÇΓöÇΓöÇΓöÇΓöÇΓöÇΓöÇΓöÇΓöÇΓöÇΓöÇΓöÇΓöÇΓöÇΓöÇΓöÇΓöÇΓöÇΓöÇΓöÇΓöÇΓöÇΓöÇΓöÇΓöÇΓöÇΓöÇΓöÇ  
   FAILED  Tests\Feature\Auth\AuthenticationTest > users canΓÇª  QueryException   
  SQLSTATE[23000]: Integrity constraint violation: 19 NOT NULL constraint failed: users.phone (Connection: sqlite, Database: :memory:, SQL: insert into "users" ("name", "email", "email_verified_at", "password", "remember_token", "updated_at", "created_at") values (Lera Lindgren, orlo11@example.net, 2026-04-15 11:35:25, $2y$04$UnrlqZiXnEqy4NtPygTigOCJ5pBeB1gwH31b.xAhZHnNVQU3.JPgq, phm2rsPrc7, 2026-04-15 11:35:25, 2026-04-15 11:35:25))

  at vendor\laravel\framework\src\Illuminate\Database\Connection.php:838
    834Γûò             $exceptionType = $this->isUniqueConstraintError($e)
    835Γûò                 ? UniqueConstraintViolationException::class
    836Γûò                 : QueryException::class;
    837Γûò 
  Γ₧£ 838Γûò             throw new $exceptionType(
    839Γûò                 $this->getNameWithReadWriteType(),
    840Γûò                 $query,
    841Γûò                 $this->prepareBindings($bindings),
    842Γûò                 $e,

  1   vendor\laravel\framework\src\Illuminate\Database\Connection.php:838

  2   vendor\laravel\framework\src\Illuminate\Database\Connection.php:584
      NunoMaduro\Collision\Exceptions\TestException::("SQLSTATE[23000]: Integrity constraint violation: 19 NOT NULL constraint failed: users.phone")

  ΓöÇΓöÇΓöÇΓöÇΓöÇΓöÇΓöÇΓöÇΓöÇΓöÇΓöÇΓöÇΓöÇΓöÇΓöÇΓöÇΓöÇΓöÇΓöÇΓöÇΓöÇΓöÇΓöÇΓöÇΓöÇΓöÇΓöÇΓöÇΓöÇΓöÇΓöÇΓöÇΓöÇΓöÇΓöÇΓöÇΓöÇΓöÇΓöÇΓöÇΓöÇΓöÇΓöÇΓöÇΓöÇΓöÇΓöÇΓöÇΓöÇΓöÇΓöÇΓöÇΓöÇΓöÇΓöÇΓöÇΓöÇΓöÇΓöÇΓöÇΓöÇΓöÇΓöÇΓöÇΓöÇΓöÇΓöÇΓöÇΓöÇΓöÇΓöÇΓöÇΓöÇΓöÇΓöÇΓöÇ  
   FAILED  Tests\Feature\Auth\EmailVerificationTest > emailΓÇª   QueryException   
  SQLSTATE[23000]: Integrity constraint violation: 19 NOT NULL constraint failed: users.phone (Connection: sqlite, Database: :memory:, SQL: insert into "users" ("name", "email", "email_verified_at", "password", "remember_token", "updated_at", "created_at") values (Mike Torphy, hsenger@example.com, ?, $2y$04$UnrlqZiXnEqy4NtPygTigOCJ5pBeB1gwH31b.xAhZHnNVQU3.JPgq, JgT2hvWrxr, 2026-04-15 11:35:25, 2026-04-15 11:35:25))

  at vendor\laravel\framework\src\Illuminate\Database\Connection.php:838
    834Γûò             $exceptionType = $this->isUniqueConstraintError($e)
    835Γûò                 ? UniqueConstraintViolationException::class
    836Γûò                 : QueryException::class;
    837Γûò 
  Γ₧£ 838Γûò             throw new $exceptionType(
    839Γûò                 $this->getNameWithReadWriteType(),
    840Γûò                 $query,
    841Γûò                 $this->prepareBindings($bindings),
    842Γûò                 $e,

  1   vendor\laravel\framework\src\Illuminate\Database\Connection.php:838

  2   vendor\laravel\framework\src\Illuminate\Database\Connection.php:584
      NunoMaduro\Collision\Exceptions\TestException::("SQLSTATE[23000]: Integrity constraint violation: 19 NOT NULL constraint failed: users.phone")

  ΓöÇΓöÇΓöÇΓöÇΓöÇΓöÇΓöÇΓöÇΓöÇΓöÇΓöÇΓöÇΓöÇΓöÇΓöÇΓöÇΓöÇΓöÇΓöÇΓöÇΓöÇΓöÇΓöÇΓöÇΓöÇΓöÇΓöÇΓöÇΓöÇΓöÇΓöÇΓöÇΓöÇΓöÇΓöÇΓöÇΓöÇΓöÇΓöÇΓöÇΓöÇΓöÇΓöÇΓöÇΓöÇΓöÇΓöÇΓöÇΓöÇΓöÇΓöÇΓöÇΓöÇΓöÇΓöÇΓöÇΓöÇΓöÇΓöÇΓöÇΓöÇΓöÇΓöÇΓöÇΓöÇΓöÇΓöÇΓöÇΓöÇΓöÇΓöÇΓöÇΓöÇΓöÇΓöÇΓöÇ  
   FAILED  Tests\Feature\Auth\EmailVerificationTest > emailΓÇª   QueryException   
  SQLSTATE[23000]: Integrity constraint violation: 19 NOT NULL constraint failed: users.phone (Connection: sqlite, Database: :memory:, SQL: insert into "users" ("name", "email", "email_verified_at", "password", "remember_token", "updated_at", "created_at") values (Madeline Wisozk, derrick67@example.org, ?, $2y$04$UnrlqZiXnEqy4NtPygTigOCJ5pBeB1gwH31b.xAhZHnNVQU3.JPgq, fSapZguWeT, 2026-04-15 11:35:25, 2026-04-15 11:35:25))

  at vendor\laravel\framework\src\Illuminate\Database\Connection.php:838
    834Γûò             $exceptionType = $this->isUniqueConstraintError($e)
    835Γûò                 ? UniqueConstraintViolationException::class
    836Γûò                 : QueryException::class;
    837Γûò 
  Γ₧£ 838Γûò             throw new $exceptionType(
    839Γûò                 $this->getNameWithReadWriteType(),
    840Γûò                 $query,
    841Γûò                 $this->prepareBindings($bindings),
    842Γûò                 $e,

  1   vendor\laravel\framework\src\Illuminate\Database\Connection.php:838

  2   vendor\laravel\framework\src\Illuminate\Database\Connection.php:584
      NunoMaduro\Collision\Exceptions\TestException::("SQLSTATE[23000]: Integrity constraint violation: 19 NOT NULL constraint failed: users.phone")

  ΓöÇΓöÇΓöÇΓöÇΓöÇΓöÇΓöÇΓöÇΓöÇΓöÇΓöÇΓöÇΓöÇΓöÇΓöÇΓöÇΓöÇΓöÇΓöÇΓöÇΓöÇΓöÇΓöÇΓöÇΓöÇΓöÇΓöÇΓöÇΓöÇΓöÇΓöÇΓöÇΓöÇΓöÇΓöÇΓöÇΓöÇΓöÇΓöÇΓöÇΓöÇΓöÇΓöÇΓöÇΓöÇΓöÇΓöÇΓöÇΓöÇΓöÇΓöÇΓöÇΓöÇΓöÇΓöÇΓöÇΓöÇΓöÇΓöÇΓöÇΓöÇΓöÇΓöÇΓöÇΓöÇΓöÇΓöÇΓöÇΓöÇΓöÇΓöÇΓöÇΓöÇΓöÇΓöÇΓöÇ  
   FAILED  Tests\Feature\Auth\EmailVerificationTest > emailΓÇª   QueryException   
  SQLSTATE[23000]: Integrity constraint violation: 19 NOT NULL constraint failed: users.phone (Connection: sqlite, Database: :memory:, SQL: insert into "users" ("name", "email", "email_verified_at", "password", "remember_token", "updated_at", "created_at") values (Nathanael Stroman, hintz.parker@example.org, ?, $2y$04$UnrlqZiXnEqy4NtPygTigOCJ5pBeB1gwH31b.xAhZHnNVQU3.JPgq, PQ7eyAZRb2, 2026-04-15 11:35:25, 2026-04-15 11:35:25))

  at vendor\laravel\framework\src\Illuminate\Database\Connection.php:838
    834Γûò             $exceptionType = $this->isUniqueConstraintError($e)
    835Γûò                 ? UniqueConstraintViolationException::class
    836Γûò                 : QueryException::class;
    837Γûò 
  Γ₧£ 838Γûò             throw new $exceptionType(
    839Γûò                 $this->getNameWithReadWriteType(),
    840Γûò                 $query,
    841Γûò                 $this->prepareBindings($bindings),
    842Γûò                 $e,

  1   vendor\laravel\framework\src\Illuminate\Database\Connection.php:838

  2   vendor\laravel\framework\src\Illuminate\Database\Connection.php:584
      NunoMaduro\Collision\Exceptions\TestException::("SQLSTATE[23000]: Integrity constraint violation: 19 NOT NULL constraint failed: users.phone")

  ΓöÇΓöÇΓöÇΓöÇΓöÇΓöÇΓöÇΓöÇΓöÇΓöÇΓöÇΓöÇΓöÇΓöÇΓöÇΓöÇΓöÇΓöÇΓöÇΓöÇΓöÇΓöÇΓöÇΓöÇΓöÇΓöÇΓöÇΓöÇΓöÇΓöÇΓöÇΓöÇΓöÇΓöÇΓöÇΓöÇΓöÇΓöÇΓöÇΓöÇΓöÇΓöÇΓöÇΓöÇΓöÇΓöÇΓöÇΓöÇΓöÇΓöÇΓöÇΓöÇΓöÇΓöÇΓöÇΓöÇΓöÇΓöÇΓöÇΓöÇΓöÇΓöÇΓöÇΓöÇΓöÇΓöÇΓöÇΓöÇΓöÇΓöÇΓöÇΓöÇΓöÇΓöÇΓöÇΓöÇ  
   FAILED  Tests\Feature\Auth\PasswordConfirmationTest > conΓÇª  QueryException   
  SQLSTATE[23000]: Integrity constraint violation: 19 NOT NULL constraint failed: users.phone (Connection: sqlite, Database: :memory:, SQL: insert into "users" ("name", "email", "email_verified_at", "password", "remember_token", "updated_at", "created_at") values (Winfield Schmitt, america86@example.org, 2026-04-15 11:35:25, $2y$04$UnrlqZiXnEqy4NtPygTigOCJ5pBeB1gwH31b.xAhZHnNVQU3.JPgq, CvZP1odbfV, 2026-04-15 11:35:25, 2026-04-15 11:35:25))

  at vendor\laravel\framework\src\Illuminate\Database\Connection.php:838
    834Γûò             $exceptionType = $this->isUniqueConstraintError($e)
    835Γûò                 ? UniqueConstraintViolationException::class
    836Γûò                 : QueryException::class;
    837Γûò 
  Γ₧£ 838Γûò             throw new $exceptionType(
    839Γûò                 $this->getNameWithReadWriteType(),
    840Γûò                 $query,
    841Γûò                 $this->prepareBindings($bindings),
    842Γûò                 $e,

  1   vendor\laravel\framework\src\Illuminate\Database\Connection.php:838

  2   vendor\laravel\framework\src\Illuminate\Database\Connection.php:584
      NunoMaduro\Collision\Exceptions\TestException::("SQLSTATE[23000]: Integrity constraint violation: 19 NOT NULL constraint failed: users.phone")

  ΓöÇΓöÇΓöÇΓöÇΓöÇΓöÇΓöÇΓöÇΓöÇΓöÇΓöÇΓöÇΓöÇΓöÇΓöÇΓöÇΓöÇΓöÇΓöÇΓöÇΓöÇΓöÇΓöÇΓöÇΓöÇΓöÇΓöÇΓöÇΓöÇΓöÇΓöÇΓöÇΓöÇΓöÇΓöÇΓöÇΓöÇΓöÇΓöÇΓöÇΓöÇΓöÇΓöÇΓöÇΓöÇΓöÇΓöÇΓöÇΓöÇΓöÇΓöÇΓöÇΓöÇΓöÇΓöÇΓöÇΓöÇΓöÇΓöÇΓöÇΓöÇΓöÇΓöÇΓöÇΓöÇΓöÇΓöÇΓöÇΓöÇΓöÇΓöÇΓöÇΓöÇΓöÇΓöÇΓöÇ  
   FAILED  Tests\Feature\Auth\PasswordConfirmationTest > pasΓÇª  QueryException   
  SQLSTATE[23000]: Integrity constraint violation: 19 NOT NULL constraint failed: users.phone (Connection: sqlite, Database: :memory:, SQL: insert into "users" ("name", "email", "email_verified_at", "password", "remember_token", "updated_at", "created_at") values (Matilde Ryan Sr., pagac.myrna@example.org, 2026-04-15 11:35:25, $2y$04$UnrlqZiXnEqy4NtPygTigOCJ5pBeB1gwH31b.xAhZHnNVQU3.JPgq, DArOIdFSMi, 2026-04-15 11:35:25, 2026-04-15 11:35:25))

  at vendor\laravel\framework\src\Illuminate\Database\Connection.php:838
    834Γûò             $exceptionType = $this->isUniqueConstraintError($e)
    835Γûò                 ? UniqueConstraintViolationException::class
    836Γûò                 : QueryException::class;
    837Γûò 
  Γ₧£ 838Γûò             throw new $exceptionType(
    839Γûò                 $this->getNameWithReadWriteType(),
    840Γûò                 $query,
    841Γûò                 $this->prepareBindings($bindings),
    842Γûò                 $e,

  1   vendor\laravel\framework\src\Illuminate\Database\Connection.php:838

  2   vendor\laravel\framework\src\Illuminate\Database\Connection.php:584
      NunoMaduro\Collision\Exceptions\TestException::("SQLSTATE[23000]: Integrity constraint violation: 19 NOT NULL constraint failed: users.phone")

  ΓöÇΓöÇΓöÇΓöÇΓöÇΓöÇΓöÇΓöÇΓöÇΓöÇΓöÇΓöÇΓöÇΓöÇΓöÇΓöÇΓöÇΓöÇΓöÇΓöÇΓöÇΓöÇΓöÇΓöÇΓöÇΓöÇΓöÇΓöÇΓöÇΓöÇΓöÇΓöÇΓöÇΓöÇΓöÇΓöÇΓöÇΓöÇΓöÇΓöÇΓöÇΓöÇΓöÇΓöÇΓöÇΓöÇΓöÇΓöÇΓöÇΓöÇΓöÇΓöÇΓöÇΓöÇΓöÇΓöÇΓöÇΓöÇΓöÇΓöÇΓöÇΓöÇΓöÇΓöÇΓöÇΓöÇΓöÇΓöÇΓöÇΓöÇΓöÇΓöÇΓöÇΓöÇΓöÇΓöÇ  
   FAILED  Tests\Feature\Auth\PasswordConfirmationTest > pasΓÇª  QueryException   
  SQLSTATE[23000]: Integrity constraint violation: 19 NOT NULL constraint failed: users.phone (Connection: sqlite, Database: :memory:, SQL: insert into "users" ("name", "email", "email_verified_at", "password", "remember_token", "updated_at", "created_at") values (Brigitte Bruen, qdavis@example.net, 2026-04-15 11:35:25, $2y$04$UnrlqZiXnEqy4NtPygTigOCJ5pBeB1gwH31b.xAhZHnNVQU3.JPgq, Wsv5wIkOAC, 2026-04-15 11:35:25, 2026-04-15 11:35:25))

  at vendor\laravel\framework\src\Illuminate\Database\Connection.php:838
    834Γûò             $exceptionType = $this->isUniqueConstraintError($e)
    835Γûò                 ? UniqueConstraintViolationException::class
    836Γûò                 : QueryException::class;
    837Γûò 
  Γ₧£ 838Γûò             throw new $exceptionType(
    839Γûò                 $this->getNameWithReadWriteType(),
    840Γûò                 $query,
    841Γûò                 $this->prepareBindings($bindings),
    842Γûò                 $e,

  1   vendor\laravel\framework\src\Illuminate\Database\Connection.php:838

  2   vendor\laravel\framework\src\Illuminate\Database\Connection.php:584
      NunoMaduro\Collision\Exceptions\TestException::("SQLSTATE[23000]: Integrity constraint violation: 19 NOT NULL constraint failed: users.phone")

  ΓöÇΓöÇΓöÇΓöÇΓöÇΓöÇΓöÇΓöÇΓöÇΓöÇΓöÇΓöÇΓöÇΓöÇΓöÇΓöÇΓöÇΓöÇΓöÇΓöÇΓöÇΓöÇΓöÇΓöÇΓöÇΓöÇΓöÇΓöÇΓöÇΓöÇΓöÇΓöÇΓöÇΓöÇΓöÇΓöÇΓöÇΓöÇΓöÇΓöÇΓöÇΓöÇΓöÇΓöÇΓöÇΓöÇΓöÇΓöÇΓöÇΓöÇΓöÇΓöÇΓöÇΓöÇΓöÇΓöÇΓöÇΓöÇΓöÇΓöÇΓöÇΓöÇΓöÇΓöÇΓöÇΓöÇΓöÇΓöÇΓöÇΓöÇΓöÇΓöÇΓöÇΓöÇΓöÇΓöÇ  
   FAILED  Tests\Feature\Auth\PasswordResetTest > reset passΓÇª  QueryException   
  SQLSTATE[23000]: Integrity constraint violation: 19 NOT NULL constraint failed: users.phone (Connection: sqlite, Database: :memory:, SQL: insert into "users" ("name", "email", "email_verified_at", "password", "remember_token", "updated_at", "created_at") values (Marlon Quigley, jaida.hansen@example.net, 2026-04-15 11:35:25, $2y$04$UnrlqZiXnEqy4NtPygTigOCJ5pBeB1gwH31b.xAhZHnNVQU3.JPgq, OWUoV5ofIY, 2026-04-15 11:35:25, 2026-04-15 11:35:25))

  at vendor\laravel\framework\src\Illuminate\Database\Connection.php:838
    834Γûò             $exceptionType = $this->isUniqueConstraintError($e)
    835Γûò                 ? UniqueConstraintViolationException::class
    836Γûò                 : QueryException::class;
    837Γûò 
  Γ₧£ 838Γûò             throw new $exceptionType(
    839Γûò                 $this->getNameWithReadWriteType(),
    840Γûò                 $query,
    841Γûò                 $this->prepareBindings($bindings),
    842Γûò                 $e,

  1   vendor\laravel\framework\src\Illuminate\Database\Connection.php:838

  2   vendor\laravel\framework\src\Illuminate\Database\Connection.php:584
      NunoMaduro\Collision\Exceptions\TestException::("SQLSTATE[23000]: Integrity constraint violation: 19 NOT NULL constraint failed: users.phone")

  ΓöÇΓöÇΓöÇΓöÇΓöÇΓöÇΓöÇΓöÇΓöÇΓöÇΓöÇΓöÇΓöÇΓöÇΓöÇΓöÇΓöÇΓöÇΓöÇΓöÇΓöÇΓöÇΓöÇΓöÇΓöÇΓöÇΓöÇΓöÇΓöÇΓöÇΓöÇΓöÇΓöÇΓöÇΓöÇΓöÇΓöÇΓöÇΓöÇΓöÇΓöÇΓöÇΓöÇΓöÇΓöÇΓöÇΓöÇΓöÇΓöÇΓöÇΓöÇΓöÇΓöÇΓöÇΓöÇΓöÇΓöÇΓöÇΓöÇΓöÇΓöÇΓöÇΓöÇΓöÇΓöÇΓöÇΓöÇΓöÇΓöÇΓöÇΓöÇΓöÇΓöÇΓöÇΓöÇΓöÇ  
   FAILED  Tests\Feature\Auth\PasswordResetTest > reset passΓÇª  QueryException   
  SQLSTATE[23000]: Integrity constraint violation: 19 NOT NULL constraint failed: users.phone (Connection: sqlite, Database: :memory:, SQL: insert into "users" ("name", "email", "email_verified_at", "password", "remember_token", "updated_at", "created_at") values (Demarco Veum, reichel.mertie@example.org, 2026-04-15 11:35:25, $2y$04$UnrlqZiXnEqy4NtPygTigOCJ5pBeB1gwH31b.xAhZHnNVQU3.JPgq, sZimnZiV68, 2026-04-15 11:35:25, 2026-04-15 11:35:25))

  at vendor\laravel\framework\src\Illuminate\Database\Connection.php:838
    834Γûò             $exceptionType = $this->isUniqueConstraintError($e)
    835Γûò                 ? UniqueConstraintViolationException::class
    836Γûò                 : QueryException::class;
    837Γûò 
  Γ₧£ 838Γûò             throw new $exceptionType(
    839Γûò                 $this->getNameWithReadWriteType(),
    840Γûò                 $query,
    841Γûò                 $this->prepareBindings($bindings),
    842Γûò                 $e,

  1   vendor\laravel\framework\src\Illuminate\Database\Connection.php:838

  2   vendor\laravel\framework\src\Illuminate\Database\Connection.php:584
      NunoMaduro\Collision\Exceptions\TestException::("SQLSTATE[23000]: Integrity constraint violation: 19 NOT NULL constraint failed: users.phone")

  ΓöÇΓöÇΓöÇΓöÇΓöÇΓöÇΓöÇΓöÇΓöÇΓöÇΓöÇΓöÇΓöÇΓöÇΓöÇΓöÇΓöÇΓöÇΓöÇΓöÇΓöÇΓöÇΓöÇΓöÇΓöÇΓöÇΓöÇΓöÇΓöÇΓöÇΓöÇΓöÇΓöÇΓöÇΓöÇΓöÇΓöÇΓöÇΓöÇΓöÇΓöÇΓöÇΓöÇΓöÇΓöÇΓöÇΓöÇΓöÇΓöÇΓöÇΓöÇΓöÇΓöÇΓöÇΓöÇΓöÇΓöÇΓöÇΓöÇΓöÇΓöÇΓöÇΓöÇΓöÇΓöÇΓöÇΓöÇΓöÇΓöÇΓöÇΓöÇΓöÇΓöÇΓöÇΓöÇΓöÇ  
   FAILED  Tests\Feature\Auth\PasswordResetTest > password cΓÇª  QueryException   
  SQLSTATE[23000]: Integrity constraint violation: 19 NOT NULL constraint failed: users.phone (Connection: sqlite, Database: :memory:, SQL: insert into "users" ("name", "email", "email_verified_at", "password", "remember_token", "updated_at", "created_at") values (Albertha Fahey, clyde77@example.net, 2026-04-15 11:35:25, $2y$04$UnrlqZiXnEqy4NtPygTigOCJ5pBeB1gwH31b.xAhZHnNVQU3.JPgq, 5NpEPJ2BCQ, 2026-04-15 11:35:25, 2026-04-15 11:35:25))

  at vendor\laravel\framework\src\Illuminate\Database\Connection.php:838
    834Γûò             $exceptionType = $this->isUniqueConstraintError($e)
    835Γûò                 ? UniqueConstraintViolationException::class
    836Γûò                 : QueryException::class;
    837Γûò 
  Γ₧£ 838Γûò             throw new $exceptionType(
    839Γûò                 $this->getNameWithReadWriteType(),
    840Γûò                 $query,
    841Γûò                 $this->prepareBindings($bindings),
    842Γûò                 $e,

  1   vendor\laravel\framework\src\Illuminate\Database\Connection.php:838

  2   vendor\laravel\framework\src\Illuminate\Database\Connection.php:584
      NunoMaduro\Collision\Exceptions\TestException::("SQLSTATE[23000]: Integrity constraint violation: 19 NOT NULL constraint failed: users.phone")

  ΓöÇΓöÇΓöÇΓöÇΓöÇΓöÇΓöÇΓöÇΓöÇΓöÇΓöÇΓöÇΓöÇΓöÇΓöÇΓöÇΓöÇΓöÇΓöÇΓöÇΓöÇΓöÇΓöÇΓöÇΓöÇΓöÇΓöÇΓöÇΓöÇΓöÇΓöÇΓöÇΓöÇΓöÇΓöÇΓöÇΓöÇΓöÇΓöÇΓöÇΓöÇΓöÇΓöÇΓöÇΓöÇΓöÇΓöÇΓöÇΓöÇΓöÇΓöÇΓöÇΓöÇΓöÇΓöÇΓöÇΓöÇΓöÇΓöÇΓöÇΓöÇΓöÇΓöÇΓöÇΓöÇΓöÇΓöÇΓöÇΓöÇΓöÇΓöÇΓöÇΓöÇΓöÇΓöÇΓöÇ  
   FAILED  Tests\Feature\Auth\PasswordUpdateTest > passwordΓÇª   QueryException   
  SQLSTATE[23000]: Integrity constraint violation: 19 NOT NULL constraint failed: users.phone (Connection: sqlite, Database: :memory:, SQL: insert into "users" ("name", "email", "email_verified_at", "password", "remember_token", "updated_at", "created_at") values (Alayna Treutel, ygoldner@example.net, 2026-04-15 11:35:25, $2y$04$UnrlqZiXnEqy4NtPygTigOCJ5pBeB1gwH31b.xAhZHnNVQU3.JPgq, 0Li63dYBgx, 2026-04-15 11:35:25, 2026-04-15 11:35:25))

  at vendor\laravel\framework\src\Illuminate\Database\Connection.php:838
    834Γûò             $exceptionType = $this->isUniqueConstraintError($e)
    835Γûò                 ? UniqueConstraintViolationException::class
    836Γûò                 : QueryException::class;
    837Γûò 
  Γ₧£ 838Γûò             throw new $exceptionType(
    839Γûò                 $this->getNameWithReadWriteType(),
    840Γûò                 $query,
    841Γûò                 $this->prepareBindings($bindings),
    842Γûò                 $e,

  1   vendor\laravel\framework\src\Illuminate\Database\Connection.php:838

  2   vendor\laravel\framework\src\Illuminate\Database\Connection.php:584
      NunoMaduro\Collision\Exceptions\TestException::("SQLSTATE[23000]: Integrity constraint violation: 19 NOT NULL constraint failed: users.phone")

  ΓöÇΓöÇΓöÇΓöÇΓöÇΓöÇΓöÇΓöÇΓöÇΓöÇΓöÇΓöÇΓöÇΓöÇΓöÇΓöÇΓöÇΓöÇΓöÇΓöÇΓöÇΓöÇΓöÇΓöÇΓöÇΓöÇΓöÇΓöÇΓöÇΓöÇΓöÇΓöÇΓöÇΓöÇΓöÇΓöÇΓöÇΓöÇΓöÇΓöÇΓöÇΓöÇΓöÇΓöÇΓöÇΓöÇΓöÇΓöÇΓöÇΓöÇΓöÇΓöÇΓöÇΓöÇΓöÇΓöÇΓöÇΓöÇΓöÇΓöÇΓöÇΓöÇΓöÇΓöÇΓöÇΓöÇΓöÇΓöÇΓöÇΓöÇΓöÇΓöÇΓöÇΓöÇΓöÇΓöÇ  
   FAILED  Tests\Feature\Auth\PasswordUpdateTest > correct pΓÇª  QueryException   
  SQLSTATE[23000]: Integrity constraint violation: 19 NOT NULL constraint failed: users.phone (Connection: sqlite, Database: :memory:, SQL: insert into "users" ("name", "email", "email_verified_at", "password", "remember_token", "updated_at", "created_at") values (Zander Reynolds, davion.veum@example.net, 2026-04-15 11:35:25, $2y$04$UnrlqZiXnEqy4NtPygTigOCJ5pBeB1gwH31b.xAhZHnNVQU3.JPgq, 4t3WL27Tnh, 2026-04-15 11:35:25, 2026-04-15 11:35:25))

  at vendor\laravel\framework\src\Illuminate\Database\Connection.php:838
    834Γûò             $exceptionType = $this->isUniqueConstraintError($e)
    835Γûò                 ? UniqueConstraintViolationException::class
    836Γûò                 : QueryException::class;
    837Γûò 
  Γ₧£ 838Γûò             throw new $exceptionType(
    839Γûò                 $this->getNameWithReadWriteType(),
    840Γûò                 $query,
    841Γûò                 $this->prepareBindings($bindings),
    842Γûò                 $e,

  1   vendor\laravel\framework\src\Illuminate\Database\Connection.php:838

  2   vendor\laravel\framework\src\Illuminate\Database\Connection.php:584
      NunoMaduro\Collision\Exceptions\TestException::("SQLSTATE[23000]: Integrity constraint violation: 19 NOT NULL constraint failed: users.phone")

  ΓöÇΓöÇΓöÇΓöÇΓöÇΓöÇΓöÇΓöÇΓöÇΓöÇΓöÇΓöÇΓöÇΓöÇΓöÇΓöÇΓöÇΓöÇΓöÇΓöÇΓöÇΓöÇΓöÇΓöÇΓöÇΓöÇΓöÇΓöÇΓöÇΓöÇΓöÇΓöÇΓöÇΓöÇΓöÇΓöÇΓöÇΓöÇΓöÇΓöÇΓöÇΓöÇΓöÇΓöÇΓöÇΓöÇΓöÇΓöÇΓöÇΓöÇΓöÇΓöÇΓöÇΓöÇΓöÇΓöÇΓöÇΓöÇΓöÇΓöÇΓöÇΓöÇΓöÇΓöÇΓöÇΓöÇΓöÇΓöÇΓöÇΓöÇΓöÇΓöÇΓöÇΓöÇΓöÇΓöÇ  
   FAILED  Tests\Feature\Auth\RegistrationTest > new users can register         
  The user is not authenticated
Failed asserting that false is true.

  at tests\Feature\Auth\RegistrationTest.php:28
     24Γûò             'password' => 'password',
     25Γûò             'password_confirmation' => 'password',
     26Γûò         ]);
     27Γûò 
  Γ₧£  28Γûò         $this->assertAuthenticated();
     29Γûò         $response->assertRedirect(route('dashboard', absolute: false));
     30Γûò     }
     31Γûò }
     32Γûò

  ΓöÇΓöÇΓöÇΓöÇΓöÇΓöÇΓöÇΓöÇΓöÇΓöÇΓöÇΓöÇΓöÇΓöÇΓöÇΓöÇΓöÇΓöÇΓöÇΓöÇΓöÇΓöÇΓöÇΓöÇΓöÇΓöÇΓöÇΓöÇΓöÇΓöÇΓöÇΓöÇΓöÇΓöÇΓöÇΓöÇΓöÇΓöÇΓöÇΓöÇΓöÇΓöÇΓöÇΓöÇΓöÇΓöÇΓöÇΓöÇΓöÇΓöÇΓöÇΓöÇΓöÇΓöÇΓöÇΓöÇΓöÇΓöÇΓöÇΓöÇΓöÇΓöÇΓöÇΓöÇΓöÇΓöÇΓöÇΓöÇΓöÇΓöÇΓöÇΓöÇΓöÇΓöÇΓöÇΓöÇ  
   FAILED  Tests\Feature\ExampleTest > the application returns a successfulΓÇª    
  Expected response status code [200] but received 500.
Failed asserting that 500 is identical to 200.

The following exception occurred during the last request:

PDOException: SQLSTATE[HY000]: General error: 1 no such table: categories in C:\xampp\htdocs\foodxpress\foodxpress\vendor\laravel\framework\src\Illuminate\Database\Connection.php:420
Stack trace:
#0 C:\xampp\htdocs\foodxpress\foodxpress\vendor\laravel\framework\src\Illuminate\Database\Connection.php(420): PDO->prepare('select * from "...')
#1 C:\xampp\htdocs\foodxpress\foodxpress\vendor\laravel\framework\src\Illuminate\Database\Connection.php(827): Illuminate\Database\Connection->Illuminate\Database\{closure}('select * from "...', Array)
#2 C:\xampp\htdocs\foodxpress\foodxpress\vendor\laravel\framework\src\Illuminate\Database\Connection.php(794): Illuminate\Database\Connection->runQueryCallback('select * from "...', Array, Object(Closure))
#3 C:\xampp\htdocs\foodxpress\foodxpress\vendor\laravel\framework\src\Illuminate\Database\Connection.php(411): Illuminate\Database\Connection->run('select * from "...', Array, Object(Closure))
#4 C:\xampp\htdocs\foodxpress\foodxpress\vendor\laravel\framework\src\Illuminate\Database\Query\Builder.php(3505): Illuminate\Database\Connection->select('select * from "...', Array, true)
#5 C:\xampp\htdocs\foodxpress\foodxpress\vendor\laravel\framework\src\Illuminate\Database\Query\Builder.php(3490): Illuminate\Database\Query\Builder->runSelect()
#6 C:\xampp\htdocs\foodxpress\foodxpress\vendor\laravel\framework\src\Illuminate\Database\Query\Builder.php(4080): Illuminate\Database\Query\Builder->Illuminate\Database\Query\{closure}()
#7 C:\xampp\htdocs\foodxpress\foodxpress\vendor\laravel\framework\src\Illuminate\Database\Query\Builder.php(3489): Illuminate\Database\Query\Builder->onceWithColumns(Array, Object(Closure))
#8 C:\xampp\htdocs\foodxpress\foodxpress\vendor\laravel\framework\src\Illuminate\Database\Eloquent\Builder.php(902): Illuminate\Database\Query\Builder->get(Array)
#9 C:\xampp\htdocs\foodxpress\foodxpress\vendor\laravel\framework\src\Illuminate\Database\Eloquent\Builder.php(884): Illuminate\Database\Eloquent\Builder->getModels(Array)
#10 C:\xampp\htdocs\foodxpress\foodxpress\app\Http\Controllers\HomeController.php(31): Illuminate\Database\Eloquent\Builder->get()
#11 C:\xampp\htdocs\foodxpress\foodxpress\vendor\laravel\framework\src\Illuminate\Routing\ControllerDispatcher.php(46): App\Http\Controllers\HomeController->index(Object(Illuminate\Http\Request))
#12 C:\xampp\htdocs\foodxpress\foodxpress\vendor\laravel\framework\src\Illuminate\Routing\Route.php(265): Illuminate\Routing\ControllerDispatcher->dispatch(Object(Illuminate\Routing\Route), Object(App\Http\Controllers\HomeController), 'index')
#13 C:\xampp\htdocs\foodxpress\foodxpress\vendor\laravel\framework\src\Illuminate\Routing\Route.php(211): Illuminate\Routing\Route->runController()
#14 C:\xampp\htdocs\foodxpress\foodxpress\vendor\laravel\framework\src\Illuminate\Routing\Router.php(822): Illuminate\Routing\Route->run()
#15 C:\xampp\htdocs\foodxpress\foodxpress\vendor\laravel\framework\src\Illuminate\Pipeline\Pipeline.php(180): Illuminate\Routing\Router->Illuminate\Routing\{closure}(Object(Illuminate\Http\Request))
#16 C:\xampp\htdocs\foodxpress\foodxpress\vendor\laravel\framework\src\Illuminate\Http\Middleware\AddLinkHeadersForPreloadedAssets.php(32): Illuminate\Pipeline\Pipeline->Illuminate\Pipeline\{closure}(Object(Illuminate\Http\Request))
#17 C:\xampp\htdocs\foodxpress\foodxpress\vendor\laravel\framework\src\Illuminate\Pipeline\Pipeline.php(219): Illuminate\Http\Middleware\AddLinkHeadersForPreloadedAssets->handle(Object(Illuminate\Http\Request), Object(Closure))
#18 C:\xampp\htdocs\foodxpress\foodxpress\vendor\inertiajs\inertia-laravel\src\Middleware.php(122): Illuminate\Pipeline\Pipeline->Illuminate\Pipeline\{closure}(Object(Illuminate\Http\Request))
#19 C:\xampp\htdocs\foodxpress\foodxpress\vendor\laravel\framework\src\Illuminate\Pipeline\Pipeline.php(219): Inertia\Middleware->handle(Object(Illuminate\Http\Request), Object(Closure))
#20 C:\xampp\htdocs\foodxpress\foodxpress\vendor\laravel\framework\src\Illuminate\Routing\Middleware\SubstituteBindings.php(50): Illuminate\Pipeline\Pipeline->Illuminate\Pipeline\{closure}(Object(Illuminate\Http\Request))
#21 C:\xampp\htdocs\foodxpress\foodxpress\vendor\laravel\framework\src\Illuminate\Pipeline\Pipeline.php(219): Illuminate\Routing\Middleware\SubstituteBindings->handle(Object(Illuminate\Http\Request), Object(Closure))
#22 C:\xampp\htdocs\foodxpress\foodxpress\vendor\laravel\framework\src\Illuminate\Foundation\Http\Middleware\VerifyCsrfToken.php(87): Illuminate\Pipeline\Pipeline->Illuminate\Pipeline\{closure}(Object(Illuminate\Http\Request))
#23 C:\xampp\htdocs\foodxpress\foodxpress\vendor\laravel\framework\src\Illuminate\Pipeline\Pipeline.php(219): Illuminate\Foundation\Http\Middleware\VerifyCsrfToken->handle(Object(Illuminate\Http\Request), Object(Closure))
#24 C:\xampp\htdocs\foodxpress\foodxpress\vendor\laravel\framework\src\Illuminate\View\Middleware\ShareErrorsFromSession.php(48): Illuminate\Pipeline\Pipeline->Illuminate\Pipeline\{closure}(Object(Illuminate\Http\Request))
#25 C:\xampp\htdocs\foodxpress\foodxpress\vendor\laravel\framework\src\Illuminate\Pipeline\Pipeline.php(219): Illuminate\View\Middleware\ShareErrorsFromSession->handle(Object(Illuminate\Http\Request), Object(Closure))
#26 C:\xampp\htdocs\foodxpress\foodxpress\vendor\laravel\framework\src\Illuminate\Session\Middleware\StartSession.php(120): Illuminate\Pipeline\Pipeline->Illuminate\Pipeline\{closure}(Object(Illuminate\Http\Request))
#27 C:\xampp\htdocs\foodxpress\foodxpress\vendor\laravel\framework\src\Illuminate\Session\Middleware\StartSession.php(63): Illuminate\Session\Middleware\StartSession->handleStatefulRequest(Object(Illuminate\Http\Request), Object(Illuminate\Session\Store), Object(Closure))
#28 C:\xampp\htdocs\foodxpress\foodxpress\vendor\laravel\framework\src\Illuminate\Pipeline\Pipeline.php(219): Illuminate\Session\Middleware\StartSession->handle(Object(Illuminate\Http\Request), Object(Closure))
#29 C:\xampp\htdocs\foodxpress\foodxpress\vendor\laravel\framework\src\Illuminate\Cookie\Middleware\AddQueuedCookiesToResponse.php(36): Illuminate\Pipeline\Pipeline->Illuminate\Pipeline\{closure}(Object(Illuminate\Http\Request))
#30 C:\xampp\htdocs\foodxpress\foodxpress\vendor\laravel\framework\src\Illuminate\Pipeline\Pipeline.php(219): Illuminate\Cookie\Middleware\AddQueuedCookiesToResponse->handle(Object(Illuminate\Http\Request), Object(Closure))
#31 C:\xampp\htdocs\foodxpress\foodxpress\vendor\laravel\framework\src\Illuminate\Cookie\Middleware\EncryptCookies.php(74): Illuminate\Pipeline\Pipeline->Illuminate\Pipeline\{closure}(Object(Illuminate\Http\Request))
#32 C:\xampp\htdocs\foodxpress\foodxpress\vendor\laravel\framework\src\Illuminate\Pipeline\Pipeline.php(219): Illuminate\Cookie\Middleware\EncryptCookies->handle(Object(Illuminate\Http\Request), Object(Closure))
#33 C:\xampp\htdocs\foodxpress\foodxpress\vendor\laravel\framework\src\Illuminate\Pipeline\Pipeline.php(137): Illuminate\Pipeline\Pipeline->Illuminate\Pipeline\{closure}(Object(Illuminate\Http\Request))
#34 C:\xampp\htdocs\foodxpress\foodxpress\vendor\laravel\framework\src\Illuminate\Routing\Router.php(821): Illuminate\Pipeline\Pipeline->then(Object(Closure))
#35 C:\xampp\htdocs\foodxpress\foodxpress\vendor\laravel\framework\src\Illuminate\Routing\Router.php(800): Illuminate\Routing\Router->runRouteWithinStack(Object(Illuminate\Routing\Route), Object(Illuminate\Http\Request))
#36 C:\xampp\htdocs\foodxpress\foodxpress\vendor\laravel\framework\src\Illuminate\Routing\Router.php(764): Illuminate\Routing\Router->runRoute(Object(Illuminate\Http\Request), Object(Illuminate\Routing\Route))
#37 C:\xampp\htdocs\foodxpress\foodxpress\vendor\laravel\framework\src\Illuminate\Routing\Router.php(753): Illuminate\Routing\Router->dispatchToRoute(Object(Illuminate\Http\Request))
#38 C:\xampp\htdocs\foodxpress\foodxpress\vendor\laravel\framework\src\Illuminate\Foundation\Http\Kernel.php(200): Illuminate\Routing\Router->dispatch(Object(Illuminate\Http\Request))
#39 C:\xampp\htdocs\foodxpress\foodxpress\vendor\laravel\framework\src\Illuminate\Pipeline\Pipeline.php(180): Illuminate\Foundation\Http\Kernel->Illuminate\Foundation\Http\{closure}(Object(Illuminate\Http\Request))
#40 C:\xampp\htdocs\foodxpress\foodxpress\vendor\laravel\framework\src\Illuminate\Foundation\Http\Middleware\TransformsRequest.php(21): Illuminate\Pipeline\Pipeline->Illuminate\Pipeline\{closure}(Object(Illuminate\Http\Request))
#41 C:\xampp\htdocs\foodxpress\foodxpress\vendor\laravel\framework\src\Illuminate\Foundation\Http\Middleware\ConvertEmptyStringsToNull.php(31): Illuminate\Foundation\Http\Middleware\TransformsRequest->handle(Object(Illuminate\Http\Request), Object(Closure))
#42 C:\xampp\htdocs\foodxpress\foodxpress\vendor\laravel\framework\src\Illuminate\Pipeline\Pipeline.php(219): Illuminate\Foundation\Http\Middleware\ConvertEmptyStringsToNull->handle(Object(Illuminate\Http\Request), Object(Closure))
#43 C:\xampp\htdocs\foodxpress\foodxpress\vendor\laravel\framework\src\Illuminate\Foundation\Http\Middleware\TransformsRequest.php(21): Illuminate\Pipeline\Pipeline->Illuminate\Pipeline\{closure}(Object(Illuminate\Http\Request))
#44 C:\xampp\htdocs\foodxpress\foodxpress\vendor\laravel\framework\src\Illuminate\Foundation\Http\Middleware\TrimStrings.php(51): Illuminate\Foundation\Http\Middleware\TransformsRequest->handle(Object(Illuminate\Http\Request), Object(Closure))
#45 C:\xampp\htdocs\foodxpress\foodxpress\vendor\laravel\framework\src\Illuminate\Pipeline\Pipeline.php(219): Illuminate\Foundation\Http\Middleware\TrimStrings->handle(Object(Illuminate\Http\Request), Object(Closure))
#46 C:\xampp\htdocs\foodxpress\foodxpress\vendor\laravel\framework\src\Illuminate\Http\Middleware\ValidatePostSize.php(27): Illuminate\Pipeline\Pipeline->Illuminate\Pipeline\{closure}(Object(Illuminate\Http\Request))
#47 C:\xampp\htdocs\foodxpress\foodxpress\vendor\laravel\framework\src\Illuminate\Pipeline\Pipeline.php(219): Illuminate\Http\Middleware\ValidatePostSize->handle(Object(Illuminate\Http\Request), Object(Closure))
#48 C:\xampp\htdocs\foodxpress\foodxpress\vendor\laravel\framework\src\Illuminate\Foundation\Http\Middleware\PreventRequestsDuringMaintenance.php(109): Illuminate\Pipeline\Pipeline->Illuminate\Pipeline\{closure}(Object(Illuminate\Http\Request))
#49 C:\xampp\htdocs\foodxpress\foodxpress\vendor\laravel\framework\src\Illuminate\Pipeline\Pipeline.php(219): Illuminate\Foundation\Http\Middleware\PreventRequestsDuringMaintenance->handle(Object(Illuminate\Http\Request), Object(Closure))
#50 C:\xampp\htdocs\foodxpress\foodxpress\vendor\laravel\framework\src\Illuminate\Http\Middleware\HandleCors.php(61): Illuminate\Pipeline\Pipeline->Illuminate\Pipeline\{closure}(Object(Illuminate\Http\Request))
#51 C:\xampp\htdocs\foodxpress\foodxpress\vendor\laravel\framework\src\Illuminate\Pipeline\Pipeline.php(219): Illuminate\Http\Middleware\HandleCors->handle(Object(Illuminate\Http\Request), Object(Closure))
#52 C:\xampp\htdocs\foodxpress\foodxpress\vendor\laravel\framework\src\Illuminate\Http\Middleware\TrustProxies.php(58): Illuminate\Pipeline\Pipeline->Illuminate\Pipeline\{closure}(Object(Illuminate\Http\Request))
#53 C:\xampp\htdocs\foodxpress\foodxpress\vendor\laravel\framework\src\Illuminate\Pipeline\Pipeline.php(219): Illuminate\Http\Middleware\TrustProxies->handle(Object(Illuminate\Http\Request), Object(Closure))
#54 C:\xampp\htdocs\foodxpress\foodxpress\vendor\laravel\framework\src\Illuminate\Foundation\Http\Middleware\InvokeDeferredCallbacks.php(22): Illuminate\Pipeline\Pipeline->Illuminate\Pipeline\{closure}(Object(Illuminate\Http\Request))
#55 C:\xampp\htdocs\foodxpress\foodxpress\vendor\laravel\framework\src\Illuminate\Pipeline\Pipeline.php(219): Illuminate\Foundation\Http\Middleware\InvokeDeferredCallbacks->handle(Object(Illuminate\Http\Request), Object(Closure))
#56 C:\xampp\htdocs\foodxpress\foodxpress\vendor\laravel\framework\src\Illuminate\Http\Middleware\ValidatePathEncoding.php(26): Illuminate\Pipeline\Pipeline->Illuminate\Pipeline\{closure}(Object(Illuminate\Http\Request))
#57 C:\xampp\htdocs\foodxpress\foodxpress\vendor\laravel\framework\src\Illuminate\Pipeline\Pipeline.php(219): Illuminate\Http\Middleware\ValidatePathEncoding->handle(Object(Illuminate\Http\Request), Object(Closure))
#58 C:\xampp\htdocs\foodxpress\foodxpress\vendor\laravel\framework\src\Illuminate\Pipeline\Pipeline.php(137): Illuminate\Pipeline\Pipeline->Illuminate\Pipeline\{closure}(Object(Illuminate\Http\Request))
#59 C:\xampp\htdocs\foodxpress\foodxpress\vendor\laravel\framework\src\Illuminate\Foundation\Http\Kernel.php(175): Illuminate\Pipeline\Pipeline->then(Object(Closure))
#60 C:\xampp\htdocs\foodxpress\foodxpress\vendor\laravel\framework\src\Illuminate\Foundation\Http\Kernel.php(144): Illuminate\Foundation\Http\Kernel->sendRequestThroughRouter(Object(Illuminate\Http\Request))
#61 C:\xampp\htdocs\foodxpress\foodxpress\vendor\laravel\framework\src\Illuminate\Foundation\Testing\Concerns\MakesHttpRequests.php(607): Illuminate\Foundation\Http\Kernel->handle(Object(Illuminate\Http\Request))
#62 C:\xampp\htdocs\foodxpress\foodxpress\vendor\laravel\framework\src\Illuminate\Foundation\Testing\Concerns\MakesHttpRequests.php(368): Illuminate\Foundation\Testing\TestCase->call('GET', '/', Array, Array, Array, Array)
#63 C:\xampp\htdocs\foodxpress\foodxpress\tests\Feature\ExampleTest.php(15): Illuminate\Foundation\Testing\TestCase->get('/')
#64 C:\xampp\htdocs\foodxpress\foodxpress\vendor\phpunit\phpunit\src\Framework\TestCase.php(1667): Tests\Feature\ExampleTest->test_the_application_returns_a_successful_response()
#65 C:\xampp\htdocs\foodxpress\foodxpress\vendor\phpunit\phpunit\src\Framework\TestCase.php(519): PHPUnit\Framework\TestCase->runTest()
#66 C:\xampp\htdocs\foodxpress\foodxpress\vendor\phpunit\phpunit\src\Framework\TestRunner\TestRunner.php(87): PHPUnit\Framework\TestCase->runBare()
#67 C:\xampp\htdocs\foodxpress\foodxpress\vendor\phpunit\phpunit\src\Framework\TestCase.php(365): PHPUnit\Framework\TestRunner->run(Object(Tests\Feature\ExampleTest))
#68 C:\xampp\htdocs\foodxpress\foodxpress\vendor\phpunit\phpunit\src\Framework\TestSuite.php(369): PHPUnit\Framework\TestCase->run()
#69 C:\xampp\htdocs\foodxpress\foodxpress\vendor\phpunit\phpunit\src\Framework\TestSuite.php(369): PHPUnit\Framework\TestSuite->run()
#70 C:\xampp\htdocs\foodxpress\foodxpress\vendor\phpunit\phpunit\src\Framework\TestSuite.php(369): PHPUnit\Framework\TestSuite->run()
#71 C:\xampp\htdocs\foodxpress\foodxpress\vendor\phpunit\phpunit\src\TextUI\TestRunner.php(64): PHPUnit\Framework\TestSuite->run()
#72 C:\xampp\htdocs\foodxpress\foodxpress\vendor\phpunit\phpunit\src\TextUI\Application.php(211): PHPUnit\TextUI\TestRunner->run(Object(PHPUnit\TextUI\Configuration\Configuration), Object(PHPUnit\Runner\ResultCache\DefaultResultCache), Object(PHPUnit\Framework\TestSuite))
#73 C:\xampp\htdocs\foodxpress\foodxpress\vendor\phpunit\phpunit\phpunit(104): PHPUnit\TextUI\Application->run(Array)
#74 {main}

Next Illuminate\Database\QueryException: SQLSTATE[HY000]: General error: 1 no such table: categories (Connection: sqlite, Database: :memory:, SQL: select * from "categories" where "is_active" = 1) in C:\xampp\htdocs\foodxpress\foodxpress\vendor\laravel\framework\src\Illuminate\Database\Connection.php:838
Stack trace:
#0 C:\xampp\htdocs\foodxpress\foodxpress\vendor\laravel\framework\src\Illuminate\Database\Connection.php(794): Illuminate\Database\Connection->runQueryCallback('select * from "...', Array, Object(Closure))
#1 C:\xampp\htdocs\foodxpress\foodxpress\vendor\laravel\framework\src\Illuminate\Database\Connection.php(411): Illuminate\Database\Connection->run('select * from "...', Array, Object(Closure))
#2 C:\xampp\htdocs\foodxpress\foodxpress\vendor\laravel\framework\src\Illuminate\Database\Query\Builder.php(3505): Illuminate\Database\Connection->select('select * from "...', Array, true)
#3 C:\xampp\htdocs\foodxpress\foodxpress\vendor\laravel\framework\src\Illuminate\Database\Query\Builder.php(3490): Illuminate\Database\Query\Builder->runSelect()
#4 C:\xampp\htdocs\foodxpress\foodxpress\vendor\laravel\framework\src\Illuminate\Database\Query\Builder.php(4080): Illuminate\Database\Query\Builder->Illuminate\Database\Query\{closure}()
#5 C:\xampp\htdocs\foodxpress\foodxpress\vendor\laravel\framework\src\Illuminate\Database\Query\Builder.php(3489): Illuminate\Database\Query\Builder->onceWithColumns(Array, Object(Closure))
#6 C:\xampp\htdocs\foodxpress\foodxpress\vendor\laravel\framework\src\Illuminate\Database\Eloquent\Builder.php(902): Illuminate\Database\Query\Builder->get(Array)
#7 C:\xampp\htdocs\foodxpress\foodxpress\vendor\laravel\framework\src\Illuminate\Database\Eloquent\Builder.php(884): Illuminate\Database\Eloquent\Builder->getModels(Array)
#8 C:\xampp\htdocs\foodxpress\foodxpress\app\Http\Controllers\HomeController.php(31): Illuminate\Database\Eloquent\Builder->get()
#9 C:\xampp\htdocs\foodxpress\foodxpress\vendor\laravel\framework\src\Illuminate\Routing\ControllerDispatcher.php(46): App\Http\Controllers\HomeController->index(Object(Illuminate\Http\Request))
#10 C:\xampp\htdocs\foodxpress\foodxpress\vendor\laravel\framework\src\Illuminate\Routing\Route.php(265): Illuminate\Routing\ControllerDispatcher->dispatch(Object(Illuminate\Routing\Route), Object(App\Http\Controllers\HomeController), 'index')
#11 C:\xampp\htdocs\foodxpress\foodxpress\vendor\laravel\framework\src\Illuminate\Routing\Route.php(211): Illuminate\Routing\Route->runController()
#12 C:\xampp\htdocs\foodxpress\foodxpress\vendor\laravel\framework\src\Illuminate\Routing\Router.php(822): Illuminate\Routing\Route->run()
#13 C:\xampp\htdocs\foodxpress\foodxpress\vendor\laravel\framework\src\Illuminate\Pipeline\Pipeline.php(180): Illuminate\Routing\Router->Illuminate\Routing\{closure}(Object(Illuminate\Http\Request))
#14 C:\xampp\htdocs\foodxpress\foodxpress\vendor\laravel\framework\src\Illuminate\Http\Middleware\AddLinkHeadersForPreloadedAssets.php(32): Illuminate\Pipeline\Pipeline->Illuminate\Pipeline\{closure}(Object(Illuminate\Http\Request))
#15 C:\xampp\htdocs\foodxpress\foodxpress\vendor\laravel\framework\src\Illuminate\Pipeline\Pipeline.php(219): Illuminate\Http\Middleware\AddLinkHeadersForPreloadedAssets->handle(Object(Illuminate\Http\Request), Object(Closure))
#16 C:\xampp\htdocs\foodxpress\foodxpress\vendor\inertiajs\inertia-laravel\src\Middleware.php(122): Illuminate\Pipeline\Pipeline->Illuminate\Pipeline\{closure}(Object(Illuminate\Http\Request))
#17 C:\xampp\htdocs\foodxpress\foodxpress\vendor\laravel\framework\src\Illuminate\Pipeline\Pipeline.php(219): Inertia\Middleware->handle(Object(Illuminate\Http\Request), Object(Closure))
#18 C:\xampp\htdocs\foodxpress\foodxpress\vendor\laravel\framework\src\Illuminate\Routing\Middleware\SubstituteBindings.php(50): Illuminate\Pipeline\Pipeline->Illuminate\Pipeline\{closure}(Object(Illuminate\Http\Request))
#19 C:\xampp\htdocs\foodxpress\foodxpress\vendor\laravel\framework\src\Illuminate\Pipeline\Pipeline.php(219): Illuminate\Routing\Middleware\SubstituteBindings->handle(Object(Illuminate\Http\Request), Object(Closure))
#20 C:\xampp\htdocs\foodxpress\foodxpress\vendor\laravel\framework\src\Illuminate\Foundation\Http\Middleware\VerifyCsrfToken.php(87): Illuminate\Pipeline\Pipeline->Illuminate\Pipeline\{closure}(Object(Illuminate\Http\Request))
#21 C:\xampp\htdocs\foodxpress\foodxpress\vendor\laravel\framework\src\Illuminate\Pipeline\Pipeline.php(219): Illuminate\Foundation\Http\Middleware\VerifyCsrfToken->handle(Object(Illuminate\Http\Request), Object(Closure))
#22 C:\xampp\htdocs\foodxpress\foodxpress\vendor\laravel\framework\src\Illuminate\View\Middleware\ShareErrorsFromSession.php(48): Illuminate\Pipeline\Pipeline->Illuminate\Pipeline\{closure}(Object(Illuminate\Http\Request))
#23 C:\xampp\htdocs\foodxpress\foodxpress\vendor\laravel\framework\src\Illuminate\Pipeline\Pipeline.php(219): Illuminate\View\Middleware\ShareErrorsFromSession->handle(Object(Illuminate\Http\Request), Object(Closure))
#24 C:\xampp\htdocs\foodxpress\foodxpress\vendor\laravel\framework\src\Illuminate\Session\Middleware\StartSession.php(120): Illuminate\Pipeline\Pipeline->Illuminate\Pipeline\{closure}(Object(Illuminate\Http\Request))
#25 C:\xampp\htdocs\foodxpress\foodxpress\vendor\laravel\framework\src\Illuminate\Session\Middleware\StartSession.php(63): Illuminate\Session\Middleware\StartSession->handleStatefulRequest(Object(Illuminate\Http\Request), Object(Illuminate\Session\Store), Object(Closure))
#26 C:\xampp\htdocs\foodxpress\foodxpress\vendor\laravel\framework\src\Illuminate\Pipeline\Pipeline.php(219): Illuminate\Session\Middleware\StartSession->handle(Object(Illuminate\Http\Request), Object(Closure))
#27 C:\xampp\htdocs\foodxpress\foodxpress\vendor\laravel\framework\src\Illuminate\Cookie\Middleware\AddQueuedCookiesToResponse.php(36): Illuminate\Pipeline\Pipeline->Illuminate\Pipeline\{closure}(Object(Illuminate\Http\Request))
#28 C:\xampp\htdocs\foodxpress\foodxpress\vendor\laravel\framework\src\Illuminate\Pipeline\Pipeline.php(219): Illuminate\Cookie\Middleware\AddQueuedCookiesToResponse->handle(Object(Illuminate\Http\Request), Object(Closure))
#29 C:\xampp\htdocs\foodxpress\foodxpress\vendor\laravel\framework\src\Illuminate\Cookie\Middleware\EncryptCookies.php(74): Illuminate\Pipeline\Pipeline->Illuminate\Pipeline\{closure}(Object(Illuminate\Http\Request))
#30 C:\xampp\htdocs\foodxpress\foodxpress\vendor\laravel\framework\src\Illuminate\Pipeline\Pipeline.php(219): Illuminate\Cookie\Middleware\EncryptCookies->handle(Object(Illuminate\Http\Request), Object(Closure))
#31 C:\xampp\htdocs\foodxpress\foodxpress\vendor\laravel\framework\src\Illuminate\Pipeline\Pipeline.php(137): Illuminate\Pipeline\Pipeline->Illuminate\Pipeline\{closure}(Object(Illuminate\Http\Request))
#32 C:\xampp\htdocs\foodxpress\foodxpress\vendor\laravel\framework\src\Illuminate\Routing\Router.php(821): Illuminate\Pipeline\Pipeline->then(Object(Closure))
#33 C:\xampp\htdocs\foodxpress\foodxpress\vendor\laravel\framework\src\Illuminate\Routing\Router.php(800): Illuminate\Routing\Router->runRouteWithinStack(Object(Illuminate\Routing\Route), Object(Illuminate\Http\Request))
#34 C:\xampp\htdocs\foodxpress\foodxpress\vendor\laravel\framework\src\Illuminate\Routing\Router.php(764): Illuminate\Routing\Router->runRoute(Object(Illuminate\Http\Request), Object(Illuminate\Routing\Route))
#35 C:\xampp\htdocs\foodxpress\foodxpress\vendor\laravel\framework\src\Illuminate\Routing\Router.php(753): Illuminate\Routing\Router->dispatchToRoute(Object(Illuminate\Http\Request))
#36 C:\xampp\htdocs\foodxpress\foodxpress\vendor\laravel\framework\src\Illuminate\Foundation\Http\Kernel.php(200): Illuminate\Routing\Router->dispatch(Object(Illuminate\Http\Request))
#37 C:\xampp\htdocs\foodxpress\foodxpress\vendor\laravel\framework\src\Illuminate\Pipeline\Pipeline.php(180): Illuminate\Foundation\Http\Kernel->Illuminate\Foundation\Http\{closure}(Object(Illuminate\Http\Request))
#38 C:\xampp\htdocs\foodxpress\foodxpress\vendor\laravel\framework\src\Illuminate\Foundation\Http\Middleware\TransformsRequest.php(21): Illuminate\Pipeline\Pipeline->Illuminate\Pipeline\{closure}(Object(Illuminate\Http\Request))
#39 C:\xampp\htdocs\foodxpress\foodxpress\vendor\laravel\framework\src\Illuminate\Foundation\Http\Middleware\ConvertEmptyStringsToNull.php(31): Illuminate\Foundation\Http\Middleware\TransformsRequest->handle(Object(Illuminate\Http\Request), Object(Closure))
#40 C:\xampp\htdocs\foodxpress\foodxpress\vendor\laravel\framework\src\Illuminate\Pipeline\Pipeline.php(219): Illuminate\Foundation\Http\Middleware\ConvertEmptyStringsToNull->handle(Object(Illuminate\Http\Request), Object(Closure))
#41 C:\xampp\htdocs\foodxpress\foodxpress\vendor\laravel\framework\src\Illuminate\Foundation\Http\Middleware\TransformsRequest.php(21): Illuminate\Pipeline\Pipeline->Illuminate\Pipeline\{closure}(Object(Illuminate\Http\Request))
#42 C:\xampp\htdocs\foodxpress\foodxpress\vendor\laravel\framework\src\Illuminate\Foundation\Http\Middleware\TrimStrings.php(51): Illuminate\Foundation\Http\Middleware\TransformsRequest->handle(Object(Illuminate\Http\Request), Object(Closure))
#43 C:\xampp\htdocs\foodxpress\foodxpress\vendor\laravel\framework\src\Illuminate\Pipeline\Pipeline.php(219): Illuminate\Foundation\Http\Middleware\TrimStrings->handle(Object(Illuminate\Http\Request), Object(Closure))
#44 C:\xampp\htdocs\foodxpress\foodxpress\vendor\laravel\framework\src\Illuminate\Http\Middleware\ValidatePostSize.php(27): Illuminate\Pipeline\Pipeline->Illuminate\Pipeline\{closure}(Object(Illuminate\Http\Request))
#45 C:\xampp\htdocs\foodxpress\foodxpress\vendor\laravel\framework\src\Illuminate\Pipeline\Pipeline.php(219): Illuminate\Http\Middleware\ValidatePostSize->handle(Object(Illuminate\Http\Request), Object(Closure))
#46 C:\xampp\htdocs\foodxpress\foodxpress\vendor\laravel\framework\src\Illuminate\Foundation\Http\Middleware\PreventRequestsDuringMaintenance.php(109): Illuminate\Pipeline\Pipeline->Illuminate\Pipeline\{closure}(Object(Illuminate\Http\Request))
#47 C:\xampp\htdocs\foodxpress\foodxpress\vendor\laravel\framework\src\Illuminate\Pipeline\Pipeline.php(219): Illuminate\Foundation\Http\Middleware\PreventRequestsDuringMaintenance->handle(Object(Illuminate\Http\Request), Object(Closure))
#48 C:\xampp\htdocs\foodxpress\foodxpress\vendor\laravel\framework\src\Illuminate\Http\Middleware\HandleCors.php(61): Illuminate\Pipeline\Pipeline->Illuminate\Pipeline\{closure}(Object(Illuminate\Http\Request))
#49 C:\xampp\htdocs\foodxpress\foodxpress\vendor\laravel\framework\src\Illuminate\Pipeline\Pipeline.php(219): Illuminate\Http\Middleware\HandleCors->handle(Object(Illuminate\Http\Request), Object(Closure))
#50 C:\xampp\htdocs\foodxpress\foodxpress\vendor\laravel\framework\src\Illuminate\Http\Middleware\TrustProxies.php(58): Illuminate\Pipeline\Pipeline->Illuminate\Pipeline\{closure}(Object(Illuminate\Http\Request))
#51 C:\xampp\htdocs\foodxpress\foodxpress\vendor\laravel\framework\src\Illuminate\Pipeline\Pipeline.php(219): Illuminate\Http\Middleware\TrustProxies->handle(Object(Illuminate\Http\Request), Object(Closure))
#52 C:\xampp\htdocs\foodxpress\foodxpress\vendor\laravel\framework\src\Illuminate\Foundation\Http\Middleware\InvokeDeferredCallbacks.php(22): Illuminate\Pipeline\Pipeline->Illuminate\Pipeline\{closure}(Object(Illuminate\Http\Request))
#53 C:\xampp\htdocs\foodxpress\foodxpress\vendor\laravel\framework\src\Illuminate\Pipeline\Pipeline.php(219): Illuminate\Foundation\Http\Middleware\InvokeDeferredCallbacks->handle(Object(Illuminate\Http\Request), Object(Closure))
#54 C:\xampp\htdocs\foodxpress\foodxpress\vendor\laravel\framework\src\Illuminate\Http\Middleware\ValidatePathEncoding.php(26): Illuminate\Pipeline\Pipeline->Illuminate\Pipeline\{closure}(Object(Illuminate\Http\Request))
#55 C:\xampp\htdocs\foodxpress\foodxpress\vendor\laravel\framework\src\Illuminate\Pipeline\Pipeline.php(219): Illuminate\Http\Middleware\ValidatePathEncoding->handle(Object(Illuminate\Http\Request), Object(Closure))
#56 C:\xampp\htdocs\foodxpress\foodxpress\vendor\laravel\framework\src\Illuminate\Pipeline\Pipeline.php(137): Illuminate\Pipeline\Pipeline->Illuminate\Pipeline\{closure}(Object(Illuminate\Http\Request))
#57 C:\xampp\htdocs\foodxpress\foodxpress\vendor\laravel\framework\src\Illuminate\Foundation\Http\Kernel.php(175): Illuminate\Pipeline\Pipeline->then(Object(Closure))
#58 C:\xampp\htdocs\foodxpress\foodxpress\vendor\laravel\framework\src\Illuminate\Foundation\Http\Kernel.php(144): Illuminate\Foundation\Http\Kernel->sendRequestThroughRouter(Object(Illuminate\Http\Request))
#59 C:\xampp\htdocs\foodxpress\foodxpress\vendor\laravel\framework\src\Illuminate\Foundation\Testing\Concerns\MakesHttpRequests.php(607): Illuminate\Foundation\Http\Kernel->handle(Object(Illuminate\Http\Request))
#60 C:\xampp\htdocs\foodxpress\foodxpress\vendor\laravel\framework\src\Illuminate\Foundation\Testing\Concerns\MakesHttpRequests.php(368): Illuminate\Foundation\Testing\TestCase->call('GET', '/', Array, Array, Array, Array)
#61 C:\xampp\htdocs\foodxpress\foodxpress\tests\Feature\ExampleTest.php(15): Illuminate\Foundation\Testing\TestCase->get('/')
#62 C:\xampp\htdocs\foodxpress\foodxpress\vendor\phpunit\phpunit\src\Framework\TestCase.php(1667): Tests\Feature\ExampleTest->test_the_application_returns_a_successful_response()
#63 C:\xampp\htdocs\foodxpress\foodxpress\vendor\phpunit\phpunit\src\Framework\TestCase.php(519): PHPUnit\Framework\TestCase->runTest()
#64 C:\xampp\htdocs\foodxpress\foodxpress\vendor\phpunit\phpunit\src\Framework\TestRunner\TestRunner.php(87): PHPUnit\Framework\TestCase->runBare()
#65 C:\xampp\htdocs\foodxpress\foodxpress\vendor\phpunit\phpunit\src\Framework\TestCase.php(365): PHPUnit\Framework\TestRunner->run(Object(Tests\Feature\ExampleTest))
#66 C:\xampp\htdocs\foodxpress\foodxpress\vendor\phpunit\phpunit\src\Framework\TestSuite.php(369): PHPUnit\Framework\TestCase->run()
#67 C:\xampp\htdocs\foodxpress\foodxpress\vendor\phpunit\phpunit\src\Framework\TestSuite.php(369): PHPUnit\Framework\TestSuite->run()
#68 C:\xampp\htdocs\foodxpress\foodxpress\vendor\phpunit\phpunit\src\Framework\TestSuite.php(369): PHPUnit\Framework\TestSuite->run()
#69 C:\xampp\htdocs\foodxpress\foodxpress\vendor\phpunit\phpunit\src\TextUI\TestRunner.php(64): PHPUnit\Framework\TestSuite->run()
#70 C:\xampp\htdocs\foodxpress\foodxpress\vendor\phpunit\phpunit\src\TextUI\Application.php(211): PHPUnit\TextUI\TestRunner->run(Object(PHPUnit\TextUI\Configuration\Configuration), Object(PHPUnit\Runner\ResultCache\DefaultResultCache), Object(PHPUnit\Framework\TestSuite))
#71 C:\xampp\htdocs\foodxpress\foodxpress\vendor\phpunit\phpunit\phpunit(104): PHPUnit\TextUI\Application->run(Array)
#72 {main}

----------------------------------------------------------------------------------

SQLSTATE[HY000]: General error: 1 no such table: categories (Connection: sqlite, Database: :memory:, SQL: select * from "categories" where "is_active" = 1)

  at tests\Feature\ExampleTest.php:17
     13Γûò     public function test_the_application_returns_a_successful_response(): void
     14Γûò     {
     15Γûò         $response = $this->get('/');
     16Γûò 
  Γ₧£  17Γûò         $response->assertStatus(200);
     18Γûò     }
     19Γûò }
     20Γûò

  ΓöÇΓöÇΓöÇΓöÇΓöÇΓöÇΓöÇΓöÇΓöÇΓöÇΓöÇΓöÇΓöÇΓöÇΓöÇΓöÇΓöÇΓöÇΓöÇΓöÇΓöÇΓöÇΓöÇΓöÇΓöÇΓöÇΓöÇΓöÇΓöÇΓöÇΓöÇΓöÇΓöÇΓöÇΓöÇΓöÇΓöÇΓöÇΓöÇΓöÇΓöÇΓöÇΓöÇΓöÇΓöÇΓöÇΓöÇΓöÇΓöÇΓöÇΓöÇΓöÇΓöÇΓöÇΓöÇΓöÇΓöÇΓöÇΓöÇΓöÇΓöÇΓöÇΓöÇΓöÇΓöÇΓöÇΓöÇΓöÇΓöÇΓöÇΓöÇΓöÇΓöÇΓöÇΓöÇΓöÇ  
   FAILED  Tests\Feature\ProfileTest > profile page is displΓÇª  QueryException   
  SQLSTATE[23000]: Integrity constraint violation: 19 NOT NULL constraint failed: users.phone (Connection: sqlite, Database: :memory:, SQL: insert into "users" ("name", "email", "email_verified_at", "password", "remember_token", "updated_at", "created_at") values (Prof. Dock Littel, ledner.thad@example.com, 2026-04-15 11:35:27, $2y$04$UnrlqZiXnEqy4NtPygTigOCJ5pBeB1gwH31b.xAhZHnNVQU3.JPgq, OBizkO6K40, 2026-04-15 11:35:27, 2026-04-15 11:35:27))

  at vendor\laravel\framework\src\Illuminate\Database\Connection.php:838
    834Γûò             $exceptionType = $this->isUniqueConstraintError($e)
    835Γûò                 ? UniqueConstraintViolationException::class
    836Γûò                 : QueryException::class;
    837Γûò 
  Γ₧£ 838Γûò             throw new $exceptionType(
    839Γûò                 $this->getNameWithReadWriteType(),
    840Γûò                 $query,
    841Γûò                 $this->prepareBindings($bindings),
    842Γûò                 $e,

  1   vendor\laravel\framework\src\Illuminate\Database\Connection.php:838

  2   vendor\laravel\framework\src\Illuminate\Database\Connection.php:584
      NunoMaduro\Collision\Exceptions\TestException::("SQLSTATE[23000]: Integrity constraint violation: 19 NOT NULL constraint failed: users.phone")

  ΓöÇΓöÇΓöÇΓöÇΓöÇΓöÇΓöÇΓöÇΓöÇΓöÇΓöÇΓöÇΓöÇΓöÇΓöÇΓöÇΓöÇΓöÇΓöÇΓöÇΓöÇΓöÇΓöÇΓöÇΓöÇΓöÇΓöÇΓöÇΓöÇΓöÇΓöÇΓöÇΓöÇΓöÇΓöÇΓöÇΓöÇΓöÇΓöÇΓöÇΓöÇΓöÇΓöÇΓöÇΓöÇΓöÇΓöÇΓöÇΓöÇΓöÇΓöÇΓöÇΓöÇΓöÇΓöÇΓöÇΓöÇΓöÇΓöÇΓöÇΓöÇΓöÇΓöÇΓöÇΓöÇΓöÇΓöÇΓöÇΓöÇΓöÇΓöÇΓöÇΓöÇΓöÇΓöÇΓöÇ  
   FAILED  Tests\Feature\ProfileTest > profile information cΓÇª  QueryException   
  SQLSTATE[23000]: Integrity constraint violation: 19 NOT NULL constraint failed: users.phone (Connection: sqlite, Database: :memory:, SQL: insert into "users" ("name", "email", "email_verified_at", "password", "remember_token", "updated_at", "created_at") values (Christop Pouros III, bechtelar.aimee@example.org, 2026-04-15 11:35:27, $2y$04$UnrlqZiXnEqy4NtPygTigOCJ5pBeB1gwH31b.xAhZHnNVQU3.JPgq, letjpGGb4P, 2026-04-15 11:35:27, 2026-04-15 11:35:27))

  at vendor\laravel\framework\src\Illuminate\Database\Connection.php:838
    834Γûò             $exceptionType = $this->isUniqueConstraintError($e)
    835Γûò                 ? UniqueConstraintViolationException::class
    836Γûò                 : QueryException::class;
    837Γûò 
  Γ₧£ 838Γûò             throw new $exceptionType(
    839Γûò                 $this->getNameWithReadWriteType(),
    840Γûò                 $query,
    841Γûò                 $this->prepareBindings($bindings),
    842Γûò                 $e,

  1   vendor\laravel\framework\src\Illuminate\Database\Connection.php:838

  2   vendor\laravel\framework\src\Illuminate\Database\Connection.php:584
      NunoMaduro\Collision\Exceptions\TestException::("SQLSTATE[23000]: Integrity constraint violation: 19 NOT NULL constraint failed: users.phone")

  ΓöÇΓöÇΓöÇΓöÇΓöÇΓöÇΓöÇΓöÇΓöÇΓöÇΓöÇΓöÇΓöÇΓöÇΓöÇΓöÇΓöÇΓöÇΓöÇΓöÇΓöÇΓöÇΓöÇΓöÇΓöÇΓöÇΓöÇΓöÇΓöÇΓöÇΓöÇΓöÇΓöÇΓöÇΓöÇΓöÇΓöÇΓöÇΓöÇΓöÇΓöÇΓöÇΓöÇΓöÇΓöÇΓöÇΓöÇΓöÇΓöÇΓöÇΓöÇΓöÇΓöÇΓöÇΓöÇΓöÇΓöÇΓöÇΓöÇΓöÇΓöÇΓöÇΓöÇΓöÇΓöÇΓöÇΓöÇΓöÇΓöÇΓöÇΓöÇΓöÇΓöÇΓöÇΓöÇΓöÇ  
   FAILED  Tests\Feature\ProfileTest > email verification stΓÇª  QueryException   
  SQLSTATE[23000]: Integrity constraint violation: 19 NOT NULL constraint failed: users.phone (Connection: sqlite, Database: :memory:, SQL: insert into "users" ("name", "email", "email_verified_at", "password", "remember_token", "updated_at", "created_at") values (Mr. Kevon Ernser IV, omari72@example.net, 2026-04-15 11:35:27, $2y$04$UnrlqZiXnEqy4NtPygTigOCJ5pBeB1gwH31b.xAhZHnNVQU3.JPgq, uRW461JDYW, 2026-04-15 11:35:27, 2026-04-15 11:35:27))

  at vendor\laravel\framework\src\Illuminate\Database\Connection.php:838
    834Γûò             $exceptionType = $this->isUniqueConstraintError($e)
    835Γûò                 ? UniqueConstraintViolationException::class
    836Γûò                 : QueryException::class;
    837Γûò 
  Γ₧£ 838Γûò             throw new $exceptionType(
    839Γûò                 $this->getNameWithReadWriteType(),
    840Γûò                 $query,
    841Γûò                 $this->prepareBindings($bindings),
    842Γûò                 $e,

  1   vendor\laravel\framework\src\Illuminate\Database\Connection.php:838

  2   vendor\laravel\framework\src\Illuminate\Database\Connection.php:584
      NunoMaduro\Collision\Exceptions\TestException::("SQLSTATE[23000]: Integrity constraint violation: 19 NOT NULL constraint failed: users.phone")

  ΓöÇΓöÇΓöÇΓöÇΓöÇΓöÇΓöÇΓöÇΓöÇΓöÇΓöÇΓöÇΓöÇΓöÇΓöÇΓöÇΓöÇΓöÇΓöÇΓöÇΓöÇΓöÇΓöÇΓöÇΓöÇΓöÇΓöÇΓöÇΓöÇΓöÇΓöÇΓöÇΓöÇΓöÇΓöÇΓöÇΓöÇΓöÇΓöÇΓöÇΓöÇΓöÇΓöÇΓöÇΓöÇΓöÇΓöÇΓöÇΓöÇΓöÇΓöÇΓöÇΓöÇΓöÇΓöÇΓöÇΓöÇΓöÇΓöÇΓöÇΓöÇΓöÇΓöÇΓöÇΓöÇΓöÇΓöÇΓöÇΓöÇΓöÇΓöÇΓöÇΓöÇΓöÇΓöÇΓöÇ  
   FAILED  Tests\Feature\ProfileTest > user can delete theirΓÇª  QueryException   
  SQLSTATE[23000]: Integrity constraint violation: 19 NOT NULL constraint failed: users.phone (Connection: sqlite, Database: :memory:, SQL: insert into "users" ("name", "email", "email_verified_at", "password", "remember_token", "updated_at", "created_at") values (Andres Streich, maryam.turcotte@example.net, 2026-04-15 11:35:27, $2y$04$UnrlqZiXnEqy4NtPygTigOCJ5pBeB1gwH31b.xAhZHnNVQU3.JPgq, fjQC0ZwBfR, 2026-04-15 11:35:27, 2026-04-15 11:35:27))

  at vendor\laravel\framework\src\Illuminate\Database\Connection.php:838
    834Γûò             $exceptionType = $this->isUniqueConstraintError($e)
    835Γûò                 ? UniqueConstraintViolationException::class
    836Γûò                 : QueryException::class;
    837Γûò 
  Γ₧£ 838Γûò             throw new $exceptionType(
    839Γûò                 $this->getNameWithReadWriteType(),
    840Γûò                 $query,
    841Γûò                 $this->prepareBindings($bindings),
    842Γûò                 $e,

  1   vendor\laravel\framework\src\Illuminate\Database\Connection.php:838

  2   vendor\laravel\framework\src\Illuminate\Database\Connection.php:584
      NunoMaduro\Collision\Exceptions\TestException::("SQLSTATE[23000]: Integrity constraint violation: 19 NOT NULL constraint failed: users.phone")

  ΓöÇΓöÇΓöÇΓöÇΓöÇΓöÇΓöÇΓöÇΓöÇΓöÇΓöÇΓöÇΓöÇΓöÇΓöÇΓöÇΓöÇΓöÇΓöÇΓöÇΓöÇΓöÇΓöÇΓöÇΓöÇΓöÇΓöÇΓöÇΓöÇΓöÇΓöÇΓöÇΓöÇΓöÇΓöÇΓöÇΓöÇΓöÇΓöÇΓöÇΓöÇΓöÇΓöÇΓöÇΓöÇΓöÇΓöÇΓöÇΓöÇΓöÇΓöÇΓöÇΓöÇΓöÇΓöÇΓöÇΓöÇΓöÇΓöÇΓöÇΓöÇΓöÇΓöÇΓöÇΓöÇΓöÇΓöÇΓöÇΓöÇΓöÇΓöÇΓöÇΓöÇΓöÇΓöÇΓöÇ  
   FAILED  Tests\Feature\ProfileTest > correct password mustΓÇª  QueryException   
  SQLSTATE[23000]: Integrity constraint violation: 19 NOT NULL constraint failed: users.phone (Connection: sqlite, Database: :memory:, SQL: insert into "users" ("name", "email", "email_verified_at", "password", "remember_token", "updated_at", "created_at") values (Raymundo Weber, abshire.cleveland@example.org, 2026-04-15 11:35:27, $2y$04$UnrlqZiXnEqy4NtPygTigOCJ5pBeB1gwH31b.xAhZHnNVQU3.JPgq, qkEszbEem8, 2026-04-15 11:35:27, 2026-04-15 11:35:27))

  at vendor\laravel\framework\src\Illuminate\Database\Connection.php:838
    834Γûò             $exceptionType = $this->isUniqueConstraintError($e)
    835Γûò                 ? UniqueConstraintViolationException::class
    836Γûò                 : QueryException::class;
    837Γûò 
  Γ₧£ 838Γûò             throw new $exceptionType(
    839Γûò                 $this->getNameWithReadWriteType(),
    840Γûò                 $query,
    841Γûò                 $this->prepareBindings($bindings),
    842Γûò                 $e,

  1   vendor\laravel\framework\src\Illuminate\Database\Connection.php:838

  2   vendor\laravel\framework\src\Illuminate\Database\Connection.php:584
      NunoMaduro\Collision\Exceptions\TestException::("SQLSTATE[23000]: Integrity constraint violation: 19 NOT NULL constraint failed: users.phone")


  Tests:    21 failed, 4 passed (6 assertions)
  Duration: 2.44s

